[    0.000000] Linux version 4.15.0-212-generic (buildd@lcy02-amd64-083) (gcc version 7.5.0 (Ubuntu 7.5.0-3ubuntu1~18.04)) #223-Ubuntu SMP Tue May 23 13:09:22 UTC 2023 (Ubuntu 4.15.0-212.223-generic 4.15.18)
[    0.000000] Command line: BOOT_IMAGE=/boot/vmlinuz-4.15.0-212-generic root=LABEL=cloudimg-rootfs ro console=tty1 console=ttyS0
[    0.000000] KERNEL supported cpus:
[    0.000000]   Intel GenuineIntel
[    0.000000]   AMD AuthenticAMD
[    0.000000]   Centaur CentaurHauls
[    0.000000] x86/fpu: Supporting XSAVE feature 0x001: 'x87 floating point registers'
[    0.000000] x86/fpu: Supporting XSAVE feature 0x002: 'SSE registers'
[    0.000000] x86/fpu: Supporting XSAVE feature 0x004: 'AVX registers'
[    0.000000] x86/fpu: xstate_offset[2]:  576, xstate_sizes[2]:  256
[    0.000000] x86/fpu: Enabled xstate features 0x7, context size is 832 bytes, using 'standard' format.
[    0.000000] e820: BIOS-provided physical RAM map:
[    0.000000] BIOS-e820: [mem 0x0000000000000000-0x000000000009fbff] usable
[    0.000000] BIOS-e820: [mem 0x000000000009fc00-0x000000000009ffff] reserved
[    0.000000] BIOS-e820: [mem 0x00000000000f0000-0x00000000000fffff] reserved
[    0.000000] BIOS-e820: [mem 0x0000000000100000-0x00000000807effff] usable
[    0.000000] BIOS-e820: [mem 0x00000000807f0000-0x00000000807fffff] ACPI data
[    0.000000] BIOS-e820: [mem 0x00000000fec00000-0x00000000fec00fff] reserved
[    0.000000] BIOS-e820: [mem 0x00000000fee00000-0x00000000fee00fff] reserved
[    0.000000] BIOS-e820: [mem 0x00000000fffc0000-0x00000000ffffffff] reserved
[    0.000000] NX (Execute Disable) protection: active
[    0.000000] SMBIOS 2.5 present.
[    0.000000] DMI: innotek GmbH VirtualBox/VirtualBox, BIOS VirtualBox 12/01/2006
[    0.000000] Hypervisor detected: KVM
[    0.000000] e820: last_pfn = 0x807f0 max_arch_pfn = 0x400000000
[    0.000000] MTRR: Disabled
[    0.000000] x86/PAT: MTRRs disabled, skipping PAT initialization too.
[    0.000000] CPU MTRRs all blank - virtualized system.
[    0.000000] x86/PAT: Configuration [0-7]: WB  WT  UC- UC  WB  WT  UC- UC  
[    0.000000] found SMP MP-table at [mem 0x0009fff0-0x0009ffff]
[    0.000000] Scanning 1 areas for low memory corruption
[    0.000000] RAMDISK: [mem 0x359cb000-0x36cdcfff]
[    0.000000] ACPI: Early table checksum verification disabled
[    0.000000] ACPI: RSDP 0x00000000000E0000 000024 (v02 VBOX  )
[    0.000000] ACPI: XSDT 0x00000000807F0030 00003C (v01 VBOX   VBOXXSDT 00000001 ASL  00000061)
[    0.000000] ACPI: FACP 0x00000000807F00F0 0000F4 (v04 VBOX   VBOXFACP 00000001 ASL  00000061)
[    0.000000] ACPI: DSDT 0x00000000807F0610 002353 (v02 VBOX   VBOXBIOS 00000002 INTL 20210930)
[    0.000000] ACPI: FACS 0x00000000807F0200 000040
[    0.000000] ACPI: FACS 0x00000000807F0200 000040
[    0.000000] ACPI: APIC 0x00000000807F0240 00005C (v02 VBOX   VBOXAPIC 00000001 ASL  00000061)
[    0.000000] ACPI: SSDT 0x00000000807F02A0 00036C (v01 VBOX   VBOXCPUT 00000002 INTL 20210930)
[    0.000000] ACPI: Reserving FACP table memory at [mem 0x807f00f0-0x807f01e3]
[    0.000000] ACPI: Reserving DSDT table memory at [mem 0x807f0610-0x807f2962]
[    0.000000] ACPI: Reserving FACS table memory at [mem 0x807f0200-0x807f023f]
[    0.000000] ACPI: Reserving FACS table memory at [mem 0x807f0200-0x807f023f]
[    0.000000] ACPI: Reserving APIC table memory at [mem 0x807f0240-0x807f029b]
[    0.000000] ACPI: Reserving SSDT table memory at [mem 0x807f02a0-0x807f060b]
[    0.000000] No NUMA configuration found
[    0.000000] Faking a node at [mem 0x0000000000000000-0x00000000807effff]
[    0.000000] NODE_DATA(0) allocated [mem 0x807c5000-0x807effff]
[    0.000000] kvm-clock: cpu 0, msr 0:80744001, primary cpu clock
[    0.000000] kvm-clock: Using msrs 4b564d01 and 4b564d00
[    0.000000] kvm-clock: using sched offset of 5613059239 cycles
[    0.000000] clocksource: kvm-clock: mask: 0xffffffffffffffff max_cycles: 0x1cd42e4dffb, max_idle_ns: 881590591483 ns
[    0.000000] Zone ranges:
[    0.000000]   DMA      [mem 0x0000000000001000-0x0000000000ffffff]
[    0.000000]   DMA32    [mem 0x0000000001000000-0x00000000807effff]
[    0.000000]   Normal   empty
[    0.000000]   Device   empty
[    0.000000] Movable zone start for each node
[    0.000000] Early memory node ranges
[    0.000000]   node   0: [mem 0x0000000000001000-0x000000000009efff]
[    0.000000]   node   0: [mem 0x0000000000100000-0x00000000807effff]
[    0.000000] Reserved but unavailable: 104 pages
[    0.000000] Initmem setup node 0 [mem 0x0000000000001000-0x00000000807effff]
[    0.000000] ACPI: PM-Timer IO Port: 0x4008
[    0.000000] IOAPIC[0]: apic_id 2, version 32, address 0xfec00000, GSI 0-23
[    0.000000] ACPI: INT_SRC_OVR (bus 0 bus_irq 0 global_irq 2 dfl dfl)
[    0.000000] ACPI: INT_SRC_OVR (bus 0 bus_irq 9 global_irq 9 low level)
[    0.000000] Using ACPI (MADT) for SMP configuration information
[    0.000000] smpboot: Allowing 2 CPUs, 0 hotplug CPUs
[    0.000000] PM: Registered nosave memory: [mem 0x00000000-0x00000fff]
[    0.000000] PM: Registered nosave memory: [mem 0x0009f000-0x0009ffff]
[    0.000000] PM: Registered nosave memory: [mem 0x000a0000-0x000effff]
[    0.000000] PM: Registered nosave memory: [mem 0x000f0000-0x000fffff]
[    0.000000] e820: [mem 0x80800000-0xfebfffff] available for PCI devices
[    0.000000] Booting paravirtualized kernel on KVM
[    0.000000] clocksource: refined-jiffies: mask: 0xffffffff max_cycles: 0xffffffff, max_idle_ns: 7645519600211568 ns
[    0.000000] setup_percpu: NR_CPUS:8192 nr_cpumask_bits:2 nr_cpu_ids:2 nr_node_ids:1
[    0.000000] percpu: Embedded 50 pages/cpu s167936 r8192 d28672 u1048576
[    0.000000] PV qspinlock hash table entries: 256 (order: 0, 4096 bytes)
[    0.000000] Built 1 zonelists, mobility grouping on.  Total pages: 517977
[    0.000000] Policy zone: DMA32
[    0.000000] Kernel command line: BOOT_IMAGE=/boot/vmlinuz-4.15.0-212-generic root=LABEL=cloudimg-rootfs ro console=tty1 console=ttyS0
[    0.000000] Memory: 2020980K/2104888K available (12300K kernel code, 2477K rwdata, 4324K rodata, 2480K init, 2720K bss, 83908K reserved, 0K cma-reserved)
[    0.000000] SLUB: HWalign=64, Order=0-3, MinObjects=0, CPUs=2, Nodes=1
[    0.000000] Kernel/User page tables isolation: enabled
[    0.000000] ftrace: allocating 39508 entries in 155 pages
[    0.004000] Hierarchical RCU implementation.
[    0.004000] 	RCU restricting CPUs from NR_CPUS=8192 to nr_cpu_ids=2.
[    0.004000] 	Tasks RCU enabled.
[    0.004000] RCU: Adjusting geometry for rcu_fanout_leaf=16, nr_cpu_ids=2
[    0.004000] NR_IRQS: 524544, nr_irqs: 440, preallocated irqs: 16
[    0.004000] random: crng init done
[    0.004000] Console: colour VGA+ 80x25
[    0.004000] console [tty1] enabled
[    0.004000] console [ttyS0] enabled
[    0.004000] ACPI: Core revision 20170831
[    0.004000] ACPI: 2 ACPI AML tables successfully acquired and loaded
[    0.004000] APIC: Switch to symmetric I/O mode setup
[    0.005995] x2apic enabled
[    0.008032] Switched APIC routing to physical x2apic.
[    0.016000] ..TIMER: vector=0x30 apic1=0 pin1=2 apic2=-1 pin2=-1
[    0.016007] tsc: Detected 2815.728 MHz processor
[    0.020022] Calibrating delay loop (skipped) preset value.. 5631.45 BogoMIPS (lpj=11262912)
[    0.024008] pid_max: default: 32768 minimum: 301
[    0.028064] Security Framework initialized
[    0.032008] Yama: becoming mindful.
[    0.036068] AppArmor: AppArmor initialized
[    0.046545] Dentry cache hash table entries: 262144 (order: 9, 2097152 bytes)
[    0.050039] Inode-cache hash table entries: 131072 (order: 8, 1048576 bytes)
[    0.052091] Mount-cache hash table entries: 4096 (order: 3, 32768 bytes)
[    0.056078] Mountpoint-cache hash table entries: 4096 (order: 3, 32768 bytes)
[    0.064023] Last level iTLB entries: 4KB 64, 2MB 8, 4MB 8
[    0.068007] Last level dTLB entries: 4KB 64, 2MB 0, 4MB 0, 1GB 4
[    0.072028] Spectre V1 : Mitigation: usercopy/swapgs barriers and __user pointer sanitization
[    0.076004] Spectre V2 : Mitigation: Retpolines
[    0.080004] Spectre V2 : Spectre v2 / SpectreRSB mitigation: Filling RSB on context switch
[    0.084004] Spectre V2 : Spectre v2 / SpectreRSB : Filling RSB on VMEXIT
[    0.088003] RETBleed: WARNING: Spectre v2 mitigation leaves CPU vulnerable to RETBleed attacks, data leaks possible!
[    0.092004] RETBleed: Vulnerable
[    0.095157] Speculative Store Bypass: Vulnerable
[    0.096148] MDS: Mitigation: Clear CPU buffers
[    0.100004] MMIO Stale Data: Mitigation: Clear CPU buffers
[    0.104023] SRBDS: Unknown: Dependent on hypervisor status
[    0.108229] Freeing SMP alternatives memory: 36K
[    0.233602] APIC calibration not consistent with PM-Timer: 101ms instead of 100ms
[    0.236000] APIC delta adjusted to PM-Timer: 6262133 (6365489)
[    0.236303] smpboot: CPU0: Intel(R) Core(TM) i7-7700HQ CPU @ 2.80GHz (family: 0x6, model: 0x9e, stepping: 0x9)
[    0.244133] Performance Events: unsupported p6 CPU model 158 no PMU driver, software events only.
[    0.248090] Hierarchical SRCU implementation.
[    0.252793] NMI watchdog: Perf event create on CPU 0 failed with -2
[    0.256005] NMI watchdog: Perf NMI watchdog permanently disabled
[    0.260225] smp: Bringing up secondary CPUs ...
[    0.264522] x86: Booting SMP configuration:
[    0.268004] .... node  #0, CPUs:      #1
[    0.004000] kvm-clock: cpu 1, msr 0:80744041, secondary cpu clock
[    0.276133] smp: Brought up 1 node, 2 CPUs
[    0.280007] smpboot: Max logical packages: 1
[    0.283567] smpboot: Total of 2 processors activated (11262.91 BogoMIPS)
[    0.288284] devtmpfs: initialized
[    0.291135] x86/mm: Memory block size: 128MB
[    0.296115] evm: security.selinux
[    0.299019] evm: security.SMACK64
[    0.300003] evm: security.SMACK64EXEC
[    0.304003] evm: security.SMACK64TRANSMUTE
[    0.308003] evm: security.SMACK64MMAP
[    0.312003] evm: security.apparmor
[    0.314981] evm: security.ima
[    0.316004] evm: security.capability
[    0.320259] clocksource: jiffies: mask: 0xffffffff max_cycles: 0xffffffff, max_idle_ns: 7645041785100000 ns
[    0.324046] futex hash table entries: 512 (order: 3, 32768 bytes)
[    0.328124] pinctrl core: initialized pinctrl subsystem
[    0.332483] RTC time:  6:55:58, date: 09/11/24
[    0.336498] NET: Registered protocol family 16
[    0.340129] audit: initializing netlink subsys (disabled)
[    0.344106] audit: type=2000 audit(1726037764.745:1): state=initialized audit_enabled=0 res=1
[    0.352009] cpuidle: using governor ladder
[    0.355685] cpuidle: using governor menu
[    0.356072] ACPI: bus type PCI registered
[    0.360004] acpiphp: ACPI Hot Plug PCI Controller Driver version: 0.5
[    0.368186] PCI: Using configuration type 1 for base access
[    0.376029] HugeTLB registered 2.00 MiB page size, pre-allocated 0 pages
[    0.380257] ACPI: Added _OSI(Module Device)
[    0.384013] ACPI: Added _OSI(Processor Device)
[    0.388005] ACPI: Added _OSI(3.0 _SCP Extensions)
[    0.392004] ACPI: Added _OSI(Processor Aggregator Device)
[    0.396004] ACPI: Added _OSI(Linux-Dell-Video)
[    0.400004] ACPI: Added _OSI(Linux-Lenovo-NV-HDMI-Audio)
[    0.404005] ACPI: Added _OSI(Linux-HPI-Hybrid-Graphics)
[    0.408815] ACPI: Executed 1 blocks of module-level executable AML code
[    0.420000] ACPI: Interpreter enabled
[    0.420021] ACPI: (supports S0 S5)
[    0.424004] ACPI: Using IOAPIC for interrupt routing
[    0.428516] PCI: Using host bridge windows from ACPI; if necessary, use "pci=nocrs" and report a bug
[    0.432313] ACPI: Enabled 2 GPEs in block 00 to 07
[    0.449856] ACPI: PCI Root Bridge [PCI0] (domain 0000 [bus 00-ff])
[    0.452009] acpi PNP0A03:00: _OSC: OS supports [ASPM ClockPM Segments MSI]
[    0.457010] acpi PNP0A03:00: _OSC: not requesting OS control; OS requires [ExtendedConfig ASPM ClockPM MSI]
[    0.460016] acpi PNP0A03:00: fail to add MMCONFIG information, can't access extended PCI configuration space under this bridge.
[    0.464914] PCI host bridge to bus 0000:00
[    0.468005] pci_bus 0000:00: root bus resource [io  0x0000-0x0cf7 window]
[    0.472005] pci_bus 0000:00: root bus resource [io  0x0d00-0xffff window]
[    0.476007] pci_bus 0000:00: root bus resource [mem 0x000a0000-0x000bffff window]
[    0.480006] pci_bus 0000:00: root bus resource [mem 0x80800000-0xfdffffff window]
[    0.484005] pci_bus 0000:00: root bus resource [bus 00-ff]
[    0.497351] pci 0000:00:01.1: legacy IDE quirk: reg 0x10: [io  0x01f0-0x01f7]
[    0.500004] pci 0000:00:01.1: legacy IDE quirk: reg 0x14: [io  0x03f6]
[    0.504007] pci 0000:00:01.1: legacy IDE quirk: reg 0x18: [io  0x0170-0x0177]
[    0.508004] pci 0000:00:01.1: legacy IDE quirk: reg 0x1c: [io  0x0376]
[    0.606067] pci 0000:00:07.0: quirk: [io  0x4000-0x403f] claimed by PIIX4 ACPI
[    0.608047] pci 0000:00:07.0: quirk: [io  0x4100-0x410f] claimed by PIIX4 SMB
[    0.639663] ACPI: PCI Interrupt Link [LNKA] (IRQs 5 9 10 *11)
[    0.640703] ACPI: PCI Interrupt Link [LNKB] (IRQs 5 9 *10 11)
[    0.644262] ACPI: PCI Interrupt Link [LNKC] (IRQs 5 *9 10 11)
[    0.648489] ACPI: PCI Interrupt Link [LNKD] (IRQs 5 9 10 *11)
[    0.652636] SCSI subsystem initialized
[    0.660110] pci 0000:00:02.0: vgaarb: setting as boot VGA device
[    0.664000] pci 0000:00:02.0: vgaarb: VGA device added: decodes=io+mem,owns=io+mem,locks=none
[    0.664008] pci 0000:00:02.0: vgaarb: bridge control possible
[    0.668004] vgaarb: loaded
[    0.670526] ACPI: bus type USB registered
[    0.672025] usbcore: registered new interface driver usbfs
[    0.676018] usbcore: registered new interface driver hub
[    0.680020] usbcore: registered new device driver usb
[    0.684166] EDAC MC: Ver: 3.0.0
[    0.688934] PCI: Using ACPI for IRQ routing
[    0.692926] NetLabel: Initializing
[    0.696004] NetLabel:  domain hash size = 128
[    0.700003] NetLabel:  protocols = UNLABELED CIPSOv4 CALIPSO
[    0.704086] NetLabel:  unlabeled traffic allowed by default
[    0.712121] clocksource: Switched to clocksource kvm-clock
[    0.744110] VFS: Disk quotas dquot_6.6.0
[    0.748166] VFS: Dquot-cache hash table entries: 512 (order 0, 4096 bytes)
[    0.753945] AppArmor: AppArmor Filesystem Enabled
[    0.758241] pnp: PnP ACPI init
[    0.763729] pnp: PnP ACPI: found 3 devices
[    0.787750] clocksource: acpi_pm: mask: 0xffffff max_cycles: 0xffffff, max_idle_ns: 2085701024 ns
[    0.795139] NET: Registered protocol family 2
[    0.799412] IP idents hash table entries: 32768 (order: 6, 262144 bytes)
[    0.805562] TCP established hash table entries: 16384 (order: 5, 131072 bytes)
[    0.812073] TCP bind hash table entries: 16384 (order: 6, 262144 bytes)
[    0.818462] TCP: Hash tables configured (established 16384 bind 16384)
[    0.824030] UDP hash table entries: 1024 (order: 3, 32768 bytes)
[    0.828975] UDP-Lite hash table entries: 1024 (order: 3, 32768 bytes)
[    0.834596] NET: Registered protocol family 1
[    0.838327] pci 0000:00:00.0: Limiting direct PCI/PCI transfers
[    0.843228] pci 0000:00:01.0: Activating ISA DMA hang workarounds
[    0.848353] pci 0000:00:02.0: Video device with shadowed ROM at [mem 0x000c0000-0x000dffff]
[    0.855418] Unpacking initramfs...
[    1.340661] Freeing initrd memory: 19528K
[    1.344643] clocksource: tsc: mask: 0xffffffffffffffff max_cycles: 0x28964a3e6bf, max_idle_ns: 440795253048 ns
[    1.352725] platform rtc_cmos: registered platform RTC device (no PNP device found)
[    1.359283] Scanning for low memory corruption every 60 seconds
[    1.365534] Initialise system trusted keyrings
[    1.369438] Key type blacklist registered
[    1.373200] workingset: timestamp_bits=36 max_order=19 bucket_order=0
[    1.380749] zbud: loaded
[    1.384206] squashfs: version 4.0 (2009/01/31) Phillip Lougher
[    1.389859] fuse init (API version 7.26)
[    1.407133] Key type asymmetric registered
[    1.410668] Asymmetric key parser 'x509' registered
[    1.414799] Block layer SCSI generic (bsg) driver version 0.4 loaded (major 246)
[    1.421650] io scheduler noop registered
[    1.425336] io scheduler deadline registered
[    1.429863] io scheduler cfq registered (default)
[    1.434792] ACPI: AC Adapter [AC] (off-line)
[    1.439153] input: Power Button as /devices/LNXSYSTM:00/LNXPWRBN:00/input/input0
[    1.445488] ACPI: Power Button [PWRF]
[    1.449243] input: Sleep Button as /devices/LNXSYSTM:00/LNXSLPBN:00/input/input1
[    1.455684] ACPI: Sleep Button [SLPF]
[    1.459735] Serial: 8250/16550 driver, 32 ports, IRQ sharing enabled
[    1.462372] ACPI: Battery Slot [BAT0] (battery present)
[    1.497697] 00:02: ttyS0 at I/O 0x3f8 (irq = 4, base_baud = 115200) is a 16550A
[    1.507026] Linux agpgart interface v0.103
[    1.513491] loop: module loaded
[    1.518556] scsi host0: ata_piix
[    1.522168] scsi host1: ata_piix
[    1.525452] ata1: PATA max UDMA/33 cmd 0x1f0 ctl 0x3f6 bmdma 0xd000 irq 14
[    1.531220] ata2: PATA max UDMA/33 cmd 0x170 ctl 0x376 bmdma 0xd008 irq 15
[    1.537088] tun: Universal TUN/TAP device driver, 1.6
[    1.541783] PPP generic driver version 2.4.2
[    1.545516] ehci_hcd: USB 2.0 'Enhanced' Host Controller (EHCI) Driver
[    1.550820] ehci-pci: EHCI PCI platform driver
[    1.554631] ehci-platform: EHCI generic platform driver
[    1.558962] ohci_hcd: USB 1.1 'Open' Host Controller (OHCI) Driver
[    1.564048] ohci-pci: OHCI PCI platform driver
[    1.568020] ohci-platform: OHCI generic platform driver
[    1.572419] uhci_hcd: USB Universal Host Controller Interface driver
[    1.578076] i8042: PNP: PS/2 Controller [PNP0303:PS2K,PNP0f03:PS2M] at 0x60,0x64 irq 1,12
[    1.587685] serio: i8042 KBD port at 0x60,0x64 irq 1
[    1.591985] serio: i8042 AUX port at 0x60,0x64 irq 12
[    1.596498] mousedev: PS/2 mouse device common for all mice
[    1.603979] rtc_cmos rtc_cmos: rtc core: registered rtc_cmos as rtc0
[    1.609631] input: AT Translated Set 2 keyboard as /devices/platform/i8042/serio0/input/input2
[    1.612926] rtc_cmos rtc_cmos: alarms up to one day, 114 bytes nvram
[    1.624160] i2c /dev entries driver
[    1.627573] device-mapper: uevent: version 1.0.3
[    1.632297] device-mapper: ioctl: 4.37.0-ioctl (2017-09-20) initialised: dm-devel@redhat.com
[    1.640168] ledtrig-cpu: registered to indicate activity on CPUs
[    1.647175] NET: Registered protocol family 10
[    1.658107] Segment Routing with IPv6
[    1.661572] NET: Registered protocol family 17
[    1.666297] Key type dns_resolver registered
[    1.670967] mce: Using 0 MCE banks
[    1.674485] RAS: Correctable Errors collector initialized.
[    1.678379] sched_clock: Marking stable (1674379634, 0)->(2481514538, -807134904)
[    1.688768] registered taskstats version 1
[    1.692545] Loading compiled-in X.509 certificates
[    1.724044] Loaded X.509 cert 'Build time autogenerated kernel key: b5b26778eaa3ab3a4a6cee031137706e947d12ad'
[    1.736895] Loaded X.509 cert 'Canonical Ltd. Live Patch Signing: 14df34d1a87cf37625abec039ef2bf521249b969'
[    1.747595] Loaded X.509 cert 'Canonical Ltd. Kernel Module Signing: 88f752e560a1e0737e31163a466ad7b70a850c19'
[    1.758124] blacklist: Loading compiled-in revocation X.509 certificates
[    1.765473] Loaded X.509 cert 'Canonical Ltd. Secure Boot Signing: 61482aa2830d0ab2ad5af10b7250da9033ddcef0'
[    1.774761] Loaded X.509 cert 'Canonical Ltd. Secure Boot Signing (2017): 242ade75ac4a15e50d50c84b0d45ff3eae707a03'
[    1.783708] Loaded X.509 cert 'Canonical Ltd. Secure Boot Signing (ESM 2018): 365188c1d374d6b07c3c8f240f8ef722433d6a8b'
[    1.792465] Loaded X.509 cert 'Canonical Ltd. Secure Boot Signing (2019): c0746fd6c5da3ae827864651ad66ae47fe24b3e8'
[    1.801532] Loaded X.509 cert 'Canonical Ltd. Secure Boot Signing (2021 v1): a8d54bbb3825cfb94fa13c9f8a594a195c107b8d'
[    1.810904] Loaded X.509 cert 'Canonical Ltd. Secure Boot Signing (2021 v2): 4cf046892d6fd3c9a5b03f98d845f90851dc6a8c'
[    1.820484] Loaded X.509 cert 'Canonical Ltd. Secure Boot Signing (2021 v3): 100437bb6de6e469b581e61cd66bce3ef4ed53af'
[    1.829825] Loaded X.509 cert 'Canonical Ltd. Secure Boot Signing (Ubuntu Core 2019): c1d57b8f6b743f23ee41f4f7ee292f06eecadfb9'
[    1.839662] zswap: loaded using pool lzo/zbud
[    1.852236] Key type big_key registered
[    1.855806] Key type trusted registered
[    1.863287] Key type encrypted registered
[    1.866998] AppArmor: AppArmor sha1 policy hashing enabled
[    1.871810] ima: No TPM chip found, activating TPM-bypass! (rc=-19)
[    1.877702] ima: Allocated hash algorithm: sha1
[    1.882288] evm: HMAC attrs: 0x1
[    1.886447]   Magic number: 8:370:923
[    1.890631] rtc_cmos rtc_cmos: setting system clock to 2024-09-11 06:56:00 UTC (1726037760)
[    1.898117] BIOS EDD facility v0.16 2004-Jun-25, 0 devices found
[    1.903649] EDD information not available.
[    1.911875] Freeing unused kernel image memory: 2480K
[    1.932288] Write protecting the kernel read-only data: 20480k
[    1.939605] Freeing unused kernel image memory: 2008K
[    1.944524] Freeing unused kernel image memory: 1820K
[    1.957314] x86/mm: Checked W+X mappings: passed, no W+X pages found.
[    1.963515] x86/mm: Checking user space page tables
[    1.976270] x86/mm: Checked W+X mappings: passed, no W+X pages found.
Loading, please wait...
starting version 237
[    2.080038] e1000: Intel(R) PRO/1000 Network Driver - version 7.3.21-k8-NAPI
[    2.086756] e1000: Copyright (c) 1999-2006 Intel Corporation.
[    2.096145] Fusion MPT base driver 3.04.20
[    2.100682] Copyright (c) 1999-2008 LSI Corporation
[    2.112086] Fusion MPT SPI Host driver 3.04.20
[    2.134572] AVX2 version of gcm_enc/dec engaged.
[    2.139211] AES CTR mode by8 optimization enabled
[    2.343405] input: ImExPS/2 Generic Explorer Mouse as /devices/platform/i8042/serio1/input/input4
[    2.732235] e1000 0000:00:03.0 eth0: (PCI:33MHz:32-bit) 02:3b:7b:b7:3b:2d
[    2.738074] e1000 0000:00:03.0 eth0: Intel(R) PRO/1000 Network Connection
[    2.746210] mptbase: ioc0: Initiating bringup
[    2.858265] ioc0: LSI53C1030 A0: Capabilities={Initiator}
[    3.103384] scsi host2: ioc0: LSI53C1030 A0, FwRev=00000000h, Ports=1, MaxQ=256, IRQ=20
[    3.279382] scsi 2:0:0:0: Direct-Access     VBOX     HARDDISK         1.0  PQ: 0 ANSI: 5
[    3.328204] scsi target2:0:0: Beginning Domain Validation
[    3.337701] scsi target2:0:0: Domain Validation skipping write tests
[    3.344100] scsi target2:0:0: Ending Domain Validation
[    3.349344] scsi target2:0:0: asynchronous
[    3.354727] scsi 2:0:1:0: Direct-Access     VBOX     HARDDISK         1.0  PQ: 0 ANSI: 5
[    3.697745] scsi target2:0:1: Beginning Domain Validation
[    3.706498] scsi target2:0:1: Domain Validation skipping write tests
[    3.712774] scsi target2:0:1: Ending Domain Validation
[    3.717854] scsi target2:0:1: asynchronous
[    3.733023] sd 2:0:0:0: Attached scsi generic sg0 type 0
[    3.739609] sd 2:0:1:0: [sdb] 20480 512-byte logical blocks: (10.5 MB/10.0 MiB)
[    3.747528] sd 2:0:1:0: Attached scsi generic sg1 type 0
[    3.753061] sd 2:0:1:0: [sdb] Write Protect is off
[    3.758250] sd 2:0:1:0: [sdb] Incomplete mode parameter data
[    3.764066] sd 2:0:1:0: [sdb] Assuming drive cache: write through
[    3.768028] sd 2:0:0:0: [sda] 83886080 512-byte logical blocks: (42.9 GB/40.0 GiB)
[    3.781010] sd 2:0:0:0: [sda] Write Protect is off
[    3.789741] sd 2:0:0:0: [sda] Incomplete mode parameter data
[    3.795888] sd 2:0:0:0: [sda] Assuming drive cache: write through
[    3.814472] sd 2:0:1:0: [sdb] Attached SCSI disk
[    3.821030]  sda: sda1
[    3.825920] sd 2:0:0:0: [sda] Attached SCSI disk
[    3.882251] e1000 0000:00:08.0 eth1: (PCI:33MHz:32-bit) 08:00:27:40:78:da
[    3.888734] e1000 0000:00:08.0 eth1: Intel(R) PRO/1000 Network Connection
[    3.897275] e1000 0000:00:03.0 enp0s3: renamed from eth0
[    3.917532] e1000 0000:00:08.0 enp0s8: renamed from eth1
Begin: Loading essential drivers ... [    6.537886] raid6: sse2x1   gen()  7774 MB/s
[    6.592191] raid6: sse2x1   xor()  4598 MB/s
[    6.644513] raid6: sse2x2   gen() 10396 MB/s
[    6.696983] raid6: sse2x2   xor()  6935 MB/s
[    6.749302] raid6: sse2x4   gen() 11903 MB/s
[    6.800876] raid6: sse2x4   xor()  7511 MB/s
[    6.852399] raid6: avx2x1   gen() 16258 MB/s
[    6.900430] raid6: avx2x1   xor() 11709 MB/s
[    6.952314] raid6: avx2x2   gen() 19433 MB/s
[    7.000899] raid6: avx2x2   xor() 12528 MB/s
[    7.052907] raid6: avx2x4   gen() 22545 MB/s
[    7.104930] raid6: avx2x4   xor() 13402 MB/s
[    7.108955] raid6: using algorithm avx2x4 gen() 22545 MB/s
[    7.114063] raid6: .... xor() 13402 MB/s, rmw enabled
[    7.118911] raid6: using avx2x2 recovery algorithm
[    7.125597] xor: automatically using best checksumming function   avx       
[    7.134830] async_tx: api initialized (async)
done.
Begin: Running /scripts/init-premount ... done.
Begin: Mounting root file system ... Begin: Running /scripts/local-top ... done.
Begin: Running /scripts/local-premount ... [    7.221132] Btrfs loaded, crc32c=crc32c-intel
Scanning for Btrfs filesystems
done.
Warning: fsck not present, so skipping root file system
[    7.284835] EXT4-fs (sda1): mounted filesystem with ordered data mode. Opts: (null)
done.
Begin: Running /scripts/local-bottom ... done.
Begin: Running /scripts/init-bottom ... done.
[    7.553340] ip_tables: (C) 2000-2006 Netfilter Core Team
[    7.577073] systemd[1]: systemd 237 running in system mode. (+PAM +AUDIT +SELINUX +IMA +APPARMOR +SMACK +SYSVINIT +UTMP +LIBCRYPTSETUP +GCRYPT +GNUTLS +ACL +XZ +LZ4 +SECCOMP +BLKID +ELFUTILS +KMOD -IDN2 +IDN -PCRE2 default-hierarchy=hybrid)
[    7.594752] systemd[1]: Detected virtualization oracle.
[    7.599948] systemd[1]: Detected architecture x86-64.

Welcome to [1mUbuntu 18.04.6 LTS[0m!

[    7.628564] systemd[1]: Set hostname to <ubuntu>.
[    7.638504] systemd[1]: Initializing machine ID from random generator.
[    7.644095] systemd[1]: Installed transient /etc/machine-id file.
[    7.982446] systemd[1]: Reached target User and Group Name Lookups.
[[0;32m  OK  [0m] Reached target User and Group Name Lookups.
[    7.992229] systemd[1]: Reached target System Time Synchronized.
[[0;32m  OK  [0m] Reached target System Time Synchronized.
[    8.001729] systemd[1]: Reached target Mounting snaps.
[[0;32m  OK  [0m] Reached target Mounting snaps.
[    8.010359] systemd[1]: Reached target Swap.
[[0;32m  OK  [0m] Reached target Swap.
[[0;32m  OK  [0m] Created slice System Slice.
[[0;32m  OK  [0m] Listening on udev Control Socket.
[[0;32m  OK  [0m] Listening on Syslog Socket.
[[0;32m  OK  [0m] Listening on Journal Socket.
         Mounting POSIX Message Queue File System...
         Starting Set the console keyboard layout...
         Mounting Kernel Debug File System...
[[0;32m  OK  [0m] Listening on Journal Audit Socket.
[[0;32m  OK  [0m] Listening on Device-mapper event daemon FIFOs.
[[0;32m  OK  [0m] Listening on fsck to fsckd communication Socket.
         Starting File System Check on Root Device...
[[0;32m  OK  [0m] Created slice system-serial\x2dgetty.slice.
         Starting Uncomplicated firewall...
         Mounting Huge Pages File System...
[[0;32m  OK  [0m] Listening on Journal Socket (/dev/log).
[[0;32m  OK  [0m] Started Forward Password Requests to Wall Directory Watch.
[[0;32m  OK  [0m] Set up automount Arbitrary Executabâ€¦rmats File System Automount Point.
[[0;32m  OK  [0m] Listening on udev Kernel Socket.
         Starting udev Coldplug all Devices...
[[0;32m  OK  [0m] Reached target Mounted snaps.
         Starting Create list of required stâ€¦ce nodes for the current kernel...
[[0;32m  OK  [0m] Listening on /dev/initctl Compatibility Named Pipe.
[[0;32m  OK  [0m] Listening on LVM2 metadata daemon socket.
         Starting Monitoring of LVM2 mirrorsâ€¦ng dmeventd or progress polling...
[[0;32m  OK  [0m] Listening on LVM2 poll daemon socket.
[[0;32m  OK  [0m] Listening on Network Service Netlink Socket.
[[0;32m  OK  [0m] Created slice User and Session Slice.
[[0;32m  OK  [0m] Reached target Slices.
         Starting Journal Service...
         Starting Load Kernel Modules...
[[0;32m  OK  [0m] Mounted POSIX Message Queue File System.
[[0;32m  OK  [0m] Mounted Kernel Debug File System.
[[0;32m  OK  [0m] Started File System Check on Root Device.
[[0;32m  OK  [0m] Started Uncomplicated firewall.
[[0;32m  OK  [0m] Mounted Huge Pages File System.
[[0;32m  OK  [0m] Started Create list of required staâ€¦vice nodes for the current kernel.
[[0;32m  OK  [0m] Started LVM2 metadata daemon.
[[0;32m  OK  [0m] Started File System Check Daemon to report status.
         Starting Create Static Device Nodes in /dev...
         Starting Remount Root and Kernel File Systems...
[[0;32m  OK  [0m] Started Journal Service.
[[0;32m  OK  [0m] Started udev Coldplug all Devices.
[[0;32m  OK  [0m] Started Create Static Device Nodes in /dev.
[    8.385679] Loading iSCSI transport class v2.0-870.
[    8.409040] EXT4-fs (sda1): re-mounted. Opts: (null)
[[0;32m  OK  [0m] Started Remount Root and Kernel File Systems.
         Starting Flush Journal to Persistent Storage...
         Starting Load/Save Random Seed...
[    8.431489] iscsi: registered transport (tcp)
         Starting udev Kernel Device Manager...
[[0;32m  OK  [0m] Started Monitoring of LVM2 mirrors,â€¦sing dmeventd or progress polling.
[[0;32m  OK  [0m] Started Load/Save Random Seed.
[    8.484539] systemd-journald[430]: Received request to flush runtime journal from PID 1
[[0;32m  OK  [0m] Started udev Kernel Device Manager.
[    8.592247] iscsi: registered transport (iser)
[[0;32m  OK  [0m] Started Flush Journal to Persistent Storage.
[[0;32m  OK  [0m] Started Load Kernel Modules.
         Mounting FUSE Control File System...
         Starting Apply Kernel Variables...
         Mounting Kernel Configuration File System...
[[0;32m  OK  [0m] Mounted FUSE Control File System.
[[0;32m  OK  [0m] Mounted Kernel Configuration File System.
[[0;32m  OK  [0m] Started Apply Kernel Variables.
[[0;32m  OK  [0m] Found device /dev/ttyS0.
[[0;32m  OK  [0m] Listening on Load/Save RF Kill Switch Status /dev/rfkill Watch.
         Mounting Arbitrary Executable File Formats File System...
[[0;32m  OK  [0m] Mounted Arbitrary Executable File Formats File System.
[[0;32m  OK  [0m] Started Set the console keyboard layout.
[[0;32m  OK  [0m] Started Dispatch Password Requests to Console Directory Watch.
[[0;32m  OK  [0m] Reached target Local Encrypted Volumes.
[[0;32m  OK  [0m] Reached target Local File Systems (Pre).
[[0;32m  OK  [0m] Reached target Local File Systems.
         Starting Create Volatile Files and Directories...
         Starting AppArmor initialization...
         Starting Set console font and keymap...
         Starting ebtables ruleset management...
         Starting Tell Plymouth To Write Out Runtime Data...
         Starting Commit a transient machine-id on disk...
[[0;32m  OK  [0m] Started Create Volatile Files and Directories.
         Starting Update UTMP about System Boot/Shutdown...
[[0;32m  OK  [0m] Started Tell Plymouth To Write Out Runtime Data.
[[0;32m  OK  [0m] Started Update UTMP about System Boot/Shutdown.
[[0;32m  OK  [0m] Started ebtables ruleset management.
[[0;32m  OK  [0m] Started Commit a transient machine-id on disk.
[[0;32m  OK  [0m] Started AppArmor initialization.
         Starting Load AppArmor profiles managed internally by snapd...
         Starting Initial cloud-init job (pre-networking)...
[[0;32m  OK  [0m] Started Load AppArmor profiles managed internally by snapd.
[[0;32m  OK  [0m] Started Set console font and keymap.
[   13.660543] cloud-init[849]: Cloud-init v. 23.1.2-0ubuntu0~18.04.1 running 'init-local' at Wed, 11 Sep 2024 06:56:11 +0000. Up 13.17 seconds.
[[0;32m  OK  [0m] Started Initial cloud-init job (pre-networking).
[[0;32m  OK  [0m] Reached target Network (Pre).
         Starting Network Service...
[[0;32m  OK  [0m] Started Network Service.
         Starting Wait for Network to be Configured...
         Starting Network Name Resolution...
[[0;32m  OK  [0m] Started Network Name Resolution.
[[0;32m  OK  [0m] Reached target Host and Network Name Lookups.
[[0;32m  OK  [0m] Reached target Network.
[[0;32m  OK  [0m] Started Wait for Network to be Configured.
         Starting Initial cloud-init job (metadata service crawler)...
[   15.898357] cloud-init[988]: Cloud-init v. 23.1.2-0ubuntu0~18.04.1 running 'init' at Wed, 11 Sep 2024 06:56:14 +0000. Up 15.67 seconds.
[   15.903390] cloud-init[988]: ci-info: ++++++++++++++++++++++++++++++++++++++Net device info+++++++++++++++++++++++++++++++++++++++
[   15.908213] cloud-init[988]: ci-info: +--------+-------+----------------------------+---------------+--------+-------------------+
[   15.912927] cloud-init[988]: ci-info: | Device |   Up  |          Address           |      Mask     | Scope  |     Hw-Address    |
[   15.917499] cloud-init[988]: ci-info: +--------+-------+----------------------------+---------------+--------+-------------------+
[   15.922312] cloud-init[988]: ci-info: | enp0s3 |  True |         10.0.2.15          | 255.255.255.0 | global | 02:3b:7b:b7:3b:2d |
[   15.927063] cloud-init[988]: ci-info: | enp0s3 |  True | fe80::3b:7bff:feb7:3b2d/64 |       .       |  link  | 02:3b:7b:b7:3b:2d |
[   15.931657] cloud-init[988]: ci-info: | enp0s8 | False |             .              |       .       |   .    | 08:00:27:40:78:da |
[   15.936450] cloud-init[988]: ci-info: |   lo   |  True |         127.0.0.1          |   255.0.0.0   |  host  |         .         |
[   15.941114] cloud-init[988]: ci-info: |   lo   |  True |          ::1/128           |       .       |  host  |         .         |
[   15.945966] cloud-init[988]: ci-info: +--------+-------+----------------------------+---------------+--------+-------------------+
[   15.950357] cloud-init[988]: ci-info: ++++++++++++++++++++++++++++Route IPv4 info+++++++++++++++++++++++++++++
[   15.954261] cloud-init[988]: ci-info: +-------+-------------+----------+-----------------+-----------+-------+
[   15.957994] cloud-init[988]: ci-info: | Route | Destination | Gateway  |     Genmask     | Interface | Flags |
[   15.962277] cloud-init[988]: ci-info: +-------+-------------+----------+-----------------+-----------+-------+
[   15.966818] cloud-init[988]: ci-info: |   0   |   0.0.0.0   | 10.0.2.2 |     0.0.0.0     |   enp0s3  |   UG  |
[   15.971400] cloud-init[988]: ci-info: |   1   |   10.0.2.0  | 0.0.0.0  |  255.255.255.0  |   enp0s3  |   U   |
[   15.975599] cloud-init[988]: ci-info: |   2   |   10.0.2.2  | 0.0.0.0  | 255.255.255.255 |   enp0s3  |   UH  |
[   15.980092] cloud-init[988]: ci-info: +-------+-------------+----------+-----------------+-----------+-------+
[   15.984487] cloud-init[988]: ci-info: +++++++++++++++++++Route IPv6 info+++++++++++++++++++
[   15.987815] cloud-init[988]: ci-info: +-------+-------------+---------+-----------+-------+
[   15.990867] cloud-init[988]: ci-info: | Route | Destination | Gateway | Interface | Flags |
[   15.994016] cloud-init[988]: ci-info: +-------+-------------+---------+-----------+-------+
[   15.997226] cloud-init[988]: ci-info: |   1   |  fe80::/64  |    ::   |   enp0s3  |   U   |
[   16.000612] cloud-init[988]: ci-info: |   3   |    local    |    ::   |   enp0s3  |   U   |
[   16.003649] cloud-init[988]: ci-info: |   4   |   ff00::/8  |    ::   |   enp0s3  |   U   |
[   16.006775] cloud-init[988]: ci-info: +-------+-------------+---------+-----------+-------+
[   16.942143] cloud-init[988]: Generating public/private rsa key pair.
[   16.946036] cloud-init[988]: Your identification has been saved in /etc/ssh/ssh_host_rsa_key.
[   16.950467] cloud-init[988]: Your public key has been saved in /etc/ssh/ssh_host_rsa_key.pub.
[   16.953970] cloud-init[988]: The key fingerprint is:
[   16.956244] cloud-init[988]: SHA256:vHCVyIl4qTq/Ook80j9ThYIapbSH/3fFyNqcnBEZjOk root@ubuntu-bionic
[   16.960691] cloud-init[988]: The key's randomart image is:
[   16.964144] cloud-init[988]: +---[RSA 2048]----+
[   16.966426] cloud-init[988]: |        +        |
[   16.968599] cloud-init[988]: | ..  . * = .     |
[   16.970878] cloud-init[988]: |.oo.. =.+ =      |
[   16.973517] cloud-init[988]: |oo...o.E.+       |
[   16.975966] cloud-init[988]: | oo ....S +      |
[   16.978669] cloud-init[988]: |.  o  .o = o     |
[   16.981006] cloud-init[988]: |.oo...  * =      |
[   16.983689] cloud-init[988]: |oo+oo. o B       |
[   16.986355] cloud-init[988]: |. o+++. .        |
[   16.988517] cloud-init[988]: +----[SHA256]-----+
[   16.990853] cloud-init[988]: Generating public/private dsa key pair.
[   16.993750] cloud-init[988]: Your identification has been saved in /etc/ssh/ssh_host_dsa_key.
[   16.998200] cloud-init[988]: Your public key has been saved in /etc/ssh/ssh_host_dsa_key.pub.
[   17.001796] cloud-init[988]: The key fingerprint is:
[   17.004085] cloud-init[988]: SHA256:G4AO5B8lghUoBUxdyYbWfuDrgBIyQ9b70UNBkCVsshQ root@ubuntu-bionic
[   17.008269] cloud-init[988]: The key's randomart image is:
[   17.010660] cloud-init[988]: +---[DSA 1024]----+
[   17.012987] cloud-init[988]: |+BOEO+B+.        |
[   17.014878] cloud-init[988]: |+* O &..         |
[   17.016748] cloud-init[988]: |+ = @ =          |
[   17.019161] cloud-init[988]: |=  * = =         |
[   17.021067] cloud-init[988]: |.+. + + S        |
[   17.023423] cloud-init[988]: |.. . o   o       |
[   17.025630] cloud-init[988]: |.   o   .        |
[   17.027588] cloud-init[988]: |     .           |
[   17.029600] cloud-init[988]: |                 |
[   17.031479] cloud-init[988]: +----[SHA256]-----+
[   17.033452] cloud-init[988]: Generating public/private ecdsa key pair.
[   17.036426] cloud-init[988]: Your identification has been saved in /etc/ssh/ssh_host_ecdsa_key.
[   17.039791] cloud-init[988]: Your public key has been saved in /etc/ssh/ssh_host_ecdsa_key.pub.
[   17.043998] cloud-init[988]: The key fingerprint is:
[   17.046124] cloud-init[988]: SHA256:WPW1+Z/dv7HQecVVeVZh6pIet+88XgxqS0bCz2s3PMU root@ubuntu-bionic
[   17.050395] cloud-init[988]: The key's randomart image is:
[   17.052926] cloud-init[988]: +---[ECDSA 256]---+
[   17.100360] cloud-init[988]: |          .   .o*|
[   17.102903] cloud-init[988]: |         . . .o++|
[   17.105666] cloud-init[988]: |        .   ..o.o|
[   17.108583] cloud-init[988]: |       o .  o  o.|
[   17.110694] cloud-init[988]: |      . S o+.o..+|
[   17.112719] cloud-init[988]: |          .=+.ooE|
[   17.115389] cloud-init[988]: |           .B+ *B|
[   17.117867] cloud-init[988]: |           +.oO.*|
[   17.120863] cloud-init[988]: |           .o.oX+|
[   17.123064] cloud-init[988]: +----[SHA256]-----+
[   17.125550] cloud-init[988]: Generating public/private ed25519 key pair.
[   17.129265] cloud-init[988]: Your identification has been saved in /etc/ssh/ssh_host_ed25519_key.
[   17.134444] cloud-init[988]: Your public key has been saved in /etc/ssh/ssh_host_ed25519_key.pub.
[   17.138869] cloud-init[988]: The key fingerprint is:
[   17.141690] cloud-init[988]: SHA256:rouxHYfN1EmMAq99XZwGNoNyDgEsyiybgso2jyzGbZg root@ubuntu-bionic
[   17.146178] cloud-init[988]: The key's randomart image is:
[   17.148805] cloud-init[988]: +--[ED25519 256]--+
[   17.151756] cloud-init[988]: |   .o... .=      |
[   17.154236] cloud-init[988]: |  . .oo o+ = .   |
[   17.156402] cloud-init[988]: |o. .  o=. o =    |
[   17.158226] cloud-init[988]: |oo   o ..+ +     |
[   17.160182] cloud-init[988]: |oo  . . S +      |
[   17.162004] cloud-init[988]: |=      B         |
[   17.164557] cloud-init[988]: |= + . o =        |
[   17.166589] cloud-init[988]: |+E.o = +         |
[   17.168994] cloud-init[988]: |+o+.o +.         |
[   17.171438] cloud-init[988]: +----[SHA256]-----+
[[0;32m  OK  [0m] Started Initial cloud-init job (metadata service crawler).
[[0;32m  OK  [0m] Reached target Network is Online.
[[0;32m  OK  [0m] Reached target Remote File Systems (Pre).
[[0;32m  OK  [0m] Reached target Remote File Systems.
         Starting Availability of block devices...
[[0;32m  OK  [0m] Reached target System Initialization.
[[0;32m  OK  [0m] Started Discard unused blocks once a week.
[[0;32m  OK  [0m] Listening on UUID daemon activation socket.
[[0;32m  OK  [0m] Listening on cloud-init hotplug hook socket.
[[0;32m  OK  [0m] Started Message of the Day.
[[0;32m  OK  [0m] Started ACPI Events Check.
         Starting Socket activation for snappy daemon.
[[0;32m  OK  [0m] Listening on ACPID Listen Socket.
[[0;32m  OK  [0m] Started Ubuntu Advantage Timer for running repeated jobs.
[[0;32m  OK  [0m] Listening on Open-iSCSI iscsid Socket.
[[0;32m  OK  [0m] Reached target Paths.
[[0;32m  OK  [0m] Started Daily apt download activities.
[[0;32m  OK  [0m] Started Daily apt upgrade and clean activities.
[[0;32m  OK  [0m] Started Daily Cleanup of Temporary Directories.
[[0;32m  OK  [0m] Reached target Timers.
[[0;32m  OK  [0m] Listening on D-Bus System Message Bus Socket.
         Starting LXD - unix socket.
[[0;32m  OK  [0m] Reached target Cloud-config availability.
[[0;32m  OK  [0m] Started Availability of block devices.
[[0;32m  OK  [0m] Listening on Socket activation for snappy daemon.
[[0;32m  OK  [0m] Listening on LXD - unix socket.
[[0;32m  OK  [0m] Reached target Sockets.
[[0;32m  OK  [0m] Reached target Basic System.
         Starting Virtualbox guest utils...
         Starting Accounts Service...
         Starting LSB: automatic crash report generation...
[[0;32m  OK  [0m] Started Deferred execution scheduler.
[[0;32m  OK  [0m] Reached target Login Prompts (Pre).
         Starting LSB: Record successful boot for GRUB...
         Starting Login Service...
[[0;32m  OK  [0m] Started D-Bus System Message Bus.
         Starting System Logging Service...
         Starting Dispatcher daemon for systemd-networkd...
[[0;32m  OK  [0m] Started FUSE filesystem for LXC.
         Starting Pollinate to seed the pseudo random number generator...
         Starting Permit User Sessions...
         Starting Snap Daemon...
[[0;32m  OK  [0m] Started Regular background program processing daemon.
[[0;32m  OK  [0m] Started irqbalance daemon.
         Starting LXD - container startup/shutdown...
[[0;32m  OK  [0m] Started System Logging Service.
[[0;32m  OK  [0m] Started Permit User Sessions.
[[0;32m  OK  [0m] Started Login Service.
         Starting Authorization Manager...
[[0;32m  OK  [0m] Started Unattended Upgrades Shutdown.
         Starting Hold until boot process finishes up...
         Starting Terminate Plymouth Boot Screen...
[[0;32m  OK  [0m] Started Hold until boot process finishes up.
[[0;32m  OK  [0m] Started Serial Getty on ttyS0.
         Starting Set console scheme...
[[0;32m  OK  [0m] Started Terminate Plymouth Boot Screen.
[[0;32m  OK  [0m] Started LSB: automatic crash report generation.
[[0;32m  OK  [0m] Started Set console scheme.
[[0;32m  OK  [0m] Created slice system-getty.slice.
[[0;32m  OK  [0m] Started Getty on tty1.
[[0;32m  OK  [0m] Reached target Login Prompts.
[[0;32m  OK  [0m] Started Authorization Manager.
[[0;32m  OK  [0m] Started Accounts Service.
[[0;32m  OK  [0m] Started LSB: Record successful boot for GRUB.
[[0;32m  OK  [0m] Started LXD - container startup/shutdown.
[[0;32m  OK  [0m] Started Virtualbox guest utils.
[[0;32m  OK  [0m] Started Dispatcher daemon for systemd-networkd.
[[0;32m  OK  [0m] Started Snap Daemon.
         Starting Wait until snapd is fully seeded...
[[0;32m  OK  [0m] Started Pollinate to seed the pseudo random number generator.
         Starting OpenBSD Secure Shell server...
[[0;32m  OK  [0m] Started OpenBSD Secure Shell server.
[[0;32m  OK  [0m] Created slice User Slice of vagrant.
         Starting User Manager for UID 1000...
[[0;32m  OK  [0m] Started Session 1 of user vagrant.
[[0;32m  OK  [0m] Started User Manager for UID 1000.
         Starting Time & Date Service...
[[0;32m  OK  [0m] Started Time & Date Service.

Ubuntu 18.04.6 LTS ubuntu-bionic ttyS0

ubuntu-bionic login: [   25.405380] cloud-init[1787]: Cloud-init v. 23.1.2-0ubuntu0~18.04.1 running 'modules:config' at Wed, 11 Sep 2024 06:56:23 +0000. Up 24.69 seconds.
ci-info: no authorized SSH keys fingerprints found for user ubuntu.
<14>Sep 11 06:56:25 cloud-init: #############################################################
<14>Sep 11 06:56:25 cloud-init: -----BEGIN SSH HOST KEY FINGERPRINTS-----
<14>Sep 11 06:56:25 cloud-init: 1024 SHA256:G4AO5B8lghUoBUxdyYbWfuDrgBIyQ9b70UNBkCVsshQ root@ubuntu-bionic (DSA)
<14>Sep 11 06:56:25 cloud-init: 256 SHA256:WPW1+Z/dv7HQecVVeVZh6pIet+88XgxqS0bCz2s3PMU root@ubuntu-bionic (ECDSA)
<14>Sep 11 06:56:25 cloud-init: 256 SHA256:rouxHYfN1EmMAq99XZwGNoNyDgEsyiybgso2jyzGbZg root@ubuntu-bionic (ED25519)
<14>Sep 11 06:56:25 cloud-init: 2048 SHA256:vHCVyIl4qTq/Ook80j9ThYIapbSH/3fFyNqcnBEZjOk root@ubuntu-bionic (RSA)
<14>Sep 11 06:56:25 cloud-init: -----END SSH HOST KEY FINGERPRINTS-----
<14>Sep 11 06:56:25 cloud-init: #############################################################
-----BEGIN SSH HOST KEY KEYS-----
ecdsa-sha2-nistp256 AAAAE2VjZHNhLXNoYTItbmlzdHAyNTYAAAAIbmlzdHAyNTYAAABBBFvfEnVJ5pIf2+lEb8UfFZh3KRLGkmLXD98XWNkeMtgwpFab8z02ESklHxSj4NVh+NFxIVm8TvbCcwpRiC16+q4= root@ubuntu-bionic
ssh-ed25519 AAAAC3NzaC1lZDI1NTE5AAAAIBtcX+q8UlSx95jKkMhbtzUCerlich5Mkrqp3R/wk9wA root@ubuntu-bionic
ssh-rsa AAAAB3NzaC1yc2EAAAADAQABAAABAQCjbK7u6PnFMDlEPMLnQWA+ujqV6yRlf4IViCc0HQWOWbBfHn7u2tqh8zIjf0nXgvHz72PJO5DxSAB/01V2LsEhKjBBPMWHChxnUAaGJJuG570Jz5oD0S2Zxx/ojNqj9RDeNpUbWjMUnmIjVu1H4pncLSdHf+gh6azTvJNdSjc3H4MJbbl1FTppkjDoT9IuyZOV2a0hMrPHWztnd4gNBg+R+Z00/LHmK+8qrux81px7YrmRhIp//scvllezxSwPoinqWKVMrVxOzyYc1Jp/APcpBnW6rxI7uT+ZcUnCktCBtpg3AB9337firANpn/lZug7RCmo4lEkEmwi9Hn9HG5il root@ubuntu-bionic
-----END SSH HOST KEY KEYS-----
[   26.752451] cloud-init[2090]: Cloud-init v. 23.1.2-0ubuntu0~18.04.1 running 'modules:final' at Wed, 11 Sep 2024 06:56:24 +0000. Up 26.37 seconds.
[   26.761516] cloud-init[2090]: Cloud-init v. 23.1.2-0ubuntu0~18.04.1 finished at Wed, 11 Sep 2024 06:56:25 +0000. Datasource DataSourceNoCloud [seed=/dev/sdb][dsmode=net].  Up 26.70 seconds
